------------------------------------------------------------
Timing Analyzer Summary
------------------------------------------------------------

Type  : Slow 1200mV 85C Model Setup 'clock_inicial'
Slack : -0.115
TNS   : -0.115

Type  : Slow 1200mV 85C Model Setup 'filtro:filtro|clock_final'
Slack : 0.210
TNS   : 0.000

Type  : Slow 1200mV 85C Model Hold 'filtro:filtro|clock_final'
Slack : 0.445
TNS   : 0.000

Type  : Slow 1200mV 85C Model Hold 'clock_inicial'
Slack : 0.458
TNS   : 0.000

Type  : Slow 1200mV 85C Model Minimum Pulse Width 'clock_inicial'
Slack : -3.000
TNS   : -8.140

Type  : Slow 1200mV 85C Model Minimum Pulse Width 'filtro:filtro|clock_final'
Slack : -1.285
TNS   : -1.285

Type  : Slow 1200mV 0C Model Setup 'clock_inicial'
Slack : 0.003
TNS   : 0.000

Type  : Slow 1200mV 0C Model Setup 'filtro:filtro|clock_final'
Slack : 0.297
TNS   : 0.000

Type  : Slow 1200mV 0C Model Hold 'filtro:filtro|clock_final'
Slack : 0.398
TNS   : 0.000

Type  : Slow 1200mV 0C Model Hold 'clock_inicial'
Slack : 0.421
TNS   : 0.000

Type  : Slow 1200mV 0C Model Minimum Pulse Width 'clock_inicial'
Slack : -3.000
TNS   : -8.140

Type  : Slow 1200mV 0C Model Minimum Pulse Width 'filtro:filtro|clock_final'
Slack : -1.285
TNS   : -1.285

Type  : Fast 1200mV 0C Model Setup 'clock_inicial'
Slack : 0.459
TNS   : 0.000

Type  : Fast 1200mV 0C Model Setup 'filtro:filtro|clock_final'
Slack : 0.624
TNS   : 0.000

Type  : Fast 1200mV 0C Model Hold 'clock_inicial'
Slack : 0.201
TNS   : 0.000

Type  : Fast 1200mV 0C Model Hold 'filtro:filtro|clock_final'
Slack : 0.206
TNS   : 0.000

Type  : Fast 1200mV 0C Model Minimum Pulse Width 'clock_inicial'
Slack : -3.000
TNS   : -7.520

Type  : Fast 1200mV 0C Model Minimum Pulse Width 'filtro:filtro|clock_final'
Slack : -1.000
TNS   : -1.000

------------------------------------------------------------
