------------------------------------------------------------
Timing Analyzer Summary
------------------------------------------------------------

Type  : Slow 1200mV 85C Model Setup 'CLOCK'
Slack : -0.129
TNS   : -0.129

Type  : Slow 1200mV 85C Model Hold 'CLOCK'
Slack : 0.440
TNS   : 0.000

Type  : Slow 1200mV 85C Model Recovery 'CLOCK'
Slack : -0.654
TNS   : -1.962

Type  : Slow 1200mV 85C Model Removal 'CLOCK'
Slack : 0.690
TNS   : 0.000

Type  : Slow 1200mV 85C Model Minimum Pulse Width 'CLOCK'
Slack : -3.000
TNS   : -6.855

Type  : Slow 1200mV 0C Model Setup 'CLOCK'
Slack : -0.017
TNS   : -0.017

Type  : Slow 1200mV 0C Model Hold 'CLOCK'
Slack : 0.387
TNS   : 0.000

Type  : Slow 1200mV 0C Model Recovery 'CLOCK'
Slack : -0.492
TNS   : -1.476

Type  : Slow 1200mV 0C Model Removal 'CLOCK'
Slack : 0.615
TNS   : 0.000

Type  : Slow 1200mV 0C Model Minimum Pulse Width 'CLOCK'
Slack : -3.000
TNS   : -6.855

Type  : Fast 1200mV 0C Model Setup 'CLOCK'
Slack : 0.461
TNS   : 0.000

Type  : Fast 1200mV 0C Model Hold 'CLOCK'
Slack : 0.201
TNS   : 0.000

Type  : Fast 1200mV 0C Model Recovery 'CLOCK'
Slack : -0.434
TNS   : -1.302

Type  : Fast 1200mV 0C Model Removal 'CLOCK'
Slack : 0.340
TNS   : 0.000

Type  : Fast 1200mV 0C Model Minimum Pulse Width 'CLOCK'
Slack : -3.000
TNS   : -6.285

------------------------------------------------------------
